C:\Users\vinig\OneDrive\햞ea de Trabalho\vs\atv002\OPERACAO_BACKEND\op\Lib\site-packages\pydantic\_internal\_config.py:383: UserWarning: Valid config keys have changed in V2:
* 'orm_mode' has been renamed to 'from_attributes'
  warnings.warn(message, UserWarning)
INFO:     Started server process [5216]
INFO:     Waiting for application startup.
INFO:     Application startup complete.
INFO:     Uvicorn running on http://0.0.0.0:8000 (Press CTRL+C to quit)
C:\Users\vinig\OneDrive\햞ea de Trabalho\vs\atv002\OPERACAO_BACKEND\op\Lib\site-packages\pydantic\_internal\_config.py:383: UserWarning: Valid config keys have changed in V2:
* 'orm_mode' has been renamed to 'from_attributes'
  warnings.warn(message, UserWarning)
C:\Users\vinig\OneDrive\햞ea de Trabalho\vs\atv002\OPERACAO_BACKEND\op\Lib\site-packages\pydantic\_internal\_config.py:383: UserWarning: Valid config keys have changed in V2:
* 'orm_mode' has been renamed to 'from_attributes'
  warnings.warn(message, UserWarning)
C:\Users\vinig\OneDrive\햞ea de Trabalho\vs\atv002\OPERACAO_BACKEND\op\Lib\site-packages\pydantic\_internal\_config.py:383: UserWarning: Valid config keys have changed in V2:
* 'orm_mode' has been renamed to 'from_attributes'
  warnings.warn(message, UserWarning)
C:\Users\vinig\OneDrive\햞ea de Trabalho\vs\atv002\OPERACAO_BACKEND\op\Lib\site-packages\pydantic\_internal\_config.py:383: UserWarning: Valid config keys have changed in V2:
* 'orm_mode' has been renamed to 'from_attributes'
  warnings.warn(message, UserWarning)
C:\Users\vinig\OneDrive\햞ea de Trabalho\vs\atv002\OPERACAO_BACKEND\op\Lib\site-packages\pydantic\_internal\_config.py:383: UserWarning: Valid config keys have changed in V2:
* 'orm_mode' has been renamed to 'from_attributes'
  warnings.warn(message, UserWarning)
C:\Users\vinig\OneDrive\햞ea de Trabalho\vs\atv002\OPERACAO_BACKEND\op\Lib\site-packages\pydantic\_internal\_config.py:383: UserWarning: Valid config keys have changed in V2:
* 'orm_mode' has been renamed to 'from_attributes'
  warnings.warn(message, UserWarning)
C:\Users\vinig\OneDrive\햞ea de Trabalho\vs\atv002\OPERACAO_BACKEND\op\Lib\site-packages\pydantic\_internal\_config.py:383: UserWarning: Valid config keys have changed in V2:
* 'orm_mode' has been renamed to 'from_attributes'
  warnings.warn(message, UserWarning)
C:\Users\vinig\OneDrive\햞ea de Trabalho\vs\atv002\OPERACAO_BACKEND\op\Lib\site-packages\pydantic\_internal\_config.py:383: UserWarning: Valid config keys have changed in V2:
* 'orm_mode' has been renamed to 'from_attributes'
  warnings.warn(message, UserWarning)
C:\Users\vinig\OneDrive\햞ea de Trabalho\vs\atv002\OPERACAO_BACKEND\op\Lib\site-packages\pydantic\_internal\_config.py:383: UserWarning: Valid config keys have changed in V2:
* 'orm_mode' has been renamed to 'from_attributes'
  warnings.warn(message, UserWarning)
C:\Users\vinig\OneDrive\햞ea de Trabalho\vs\atv002\OPERACAO_BACKEND\op\Lib\site-packages\pydantic\_internal\_config.py:383: UserWarning: Valid config keys have changed in V2:
* 'orm_mode' has been renamed to 'from_attributes'
  warnings.warn(message, UserWarning)
C:\Users\vinig\OneDrive\햞ea de Trabalho\vs\atv002\OPERACAO_BACKEND\op\Lib\site-packages\pydantic\_internal\_config.py:383: UserWarning: Valid config keys have changed in V2:
* 'orm_mode' has been renamed to 'from_attributes'
  warnings.warn(message, UserWarning)
C:\Users\vinig\OneDrive\햞ea de Trabalho\vs\atv002\OPERACAO_BACKEND\op\Lib\site-packages\pydantic\_internal\_config.py:383: UserWarning: Valid config keys have changed in V2:
* 'orm_mode' has been renamed to 'from_attributes'
  warnings.warn(message, UserWarning)
C:\Users\vinig\OneDrive\햞ea de Trabalho\vs\atv002\OPERACAO_BACKEND\op\Lib\site-packages\pydantic\_internal\_config.py:383: UserWarning: Valid config keys have changed in V2:
* 'orm_mode' has been renamed to 'from_attributes'
  warnings.warn(message, UserWarning)
C:\Users\vinig\OneDrive\햞ea de Trabalho\vs\atv002\OPERACAO_BACKEND\op\Lib\site-packages\pydantic\_internal\_config.py:383: UserWarning: Valid config keys have changed in V2:
* 'orm_mode' has been renamed to 'from_attributes'
  warnings.warn(message, UserWarning)
C:\Users\vinig\OneDrive\햞ea de Trabalho\vs\atv002\OPERACAO_BACKEND\op\Lib\site-packages\pydantic\_internal\_config.py:383: UserWarning: Valid config keys have changed in V2:
* 'orm_mode' has been renamed to 'from_attributes'
  warnings.warn(message, UserWarning)
C:\Users\vinig\OneDrive\햞ea de Trabalho\vs\atv002\OPERACAO_BACKEND\op\Lib\site-packages\pydantic\_internal\_config.py:383: UserWarning: Valid config keys have changed in V2:
* 'orm_mode' has been renamed to 'from_attributes'
  warnings.warn(message, UserWarning)
C:\Users\vinig\OneDrive\햞ea de Trabalho\vs\atv002\OPERACAO_BACKEND\op\Lib\site-packages\pydantic\_internal\_config.py:383: UserWarning: Valid config keys have changed in V2:
* 'orm_mode' has been renamed to 'from_attributes'
  warnings.warn(message, UserWarning)
C:\Users\vinig\OneDrive\햞ea de Trabalho\vs\atv002\OPERACAO_BACKEND\op\Lib\site-packages\pydantic\_internal\_config.py:383: UserWarning: Valid config keys have changed in V2:
* 'orm_mode' has been renamed to 'from_attributes'
  warnings.warn(message, UserWarning)
C:\Users\vinig\OneDrive\햞ea de Trabalho\vs\atv002\OPERACAO_BACKEND\op\Lib\site-packages\pydantic\_internal\_config.py:383: UserWarning: Valid config keys have changed in V2:
* 'orm_mode' has been renamed to 'from_attributes'
  warnings.warn(message, UserWarning)
C:\Users\vinig\OneDrive\햞ea de Trabalho\vs\atv002\OPERACAO_BACKEND\op\Lib\site-packages\pydantic\_internal\_config.py:383: UserWarning: Valid config keys have changed in V2:
* 'orm_mode' has been renamed to 'from_attributes'
  warnings.warn(message, UserWarning)
C:\Users\vinig\OneDrive\햞ea de Trabalho\vs\atv002\OPERACAO_BACKEND\op\Lib\site-packages\pydantic\_internal\_config.py:383: UserWarning: Valid config keys have changed in V2:
* 'orm_mode' has been renamed to 'from_attributes'
  warnings.warn(message, UserWarning)
C:\Users\vinig\OneDrive\햞ea de Trabalho\vs\atv002\OPERACAO_BACKEND\op\Lib\site-packages\pydantic\_internal\_config.py:383: UserWarning: Valid config keys have changed in V2:
* 'orm_mode' has been renamed to 'from_attributes'
  warnings.warn(message, UserWarning)
C:\Users\vinig\OneDrive\햞ea de Trabalho\vs\atv002\OPERACAO_BACKEND\op\Lib\site-packages\pydantic\_internal\_config.py:383: UserWarning: Valid config keys have changed in V2:
* 'orm_mode' has been renamed to 'from_attributes'
  warnings.warn(message, UserWarning)
C:\Users\vinig\OneDrive\햞ea de Trabalho\vs\atv002\OPERACAO_BACKEND\op\Lib\site-packages\pydantic\_internal\_config.py:383: UserWarning: Valid config keys have changed in V2:
* 'orm_mode' has been renamed to 'from_attributes'
  warnings.warn(message, UserWarning)
C:\Users\vinig\OneDrive\햞ea de Trabalho\vs\atv002\OPERACAO_BACKEND\op\Lib\site-packages\pydantic\_internal\_config.py:383: UserWarning: Valid config keys have changed in V2:
* 'orm_mode' has been renamed to 'from_attributes'
  warnings.warn(message, UserWarning)
C:\Users\vinig\OneDrive\햞ea de Trabalho\vs\atv002\OPERACAO_BACKEND\op\Lib\site-packages\pydantic\_internal\_config.py:383: UserWarning: Valid config keys have changed in V2:
* 'orm_mode' has been renamed to 'from_attributes'
  warnings.warn(message, UserWarning)
C:\Users\vinig\OneDrive\햞ea de Trabalho\vs\atv002\OPERACAO_BACKEND\op\Lib\site-packages\pydantic\_internal\_config.py:383: UserWarning: Valid config keys have changed in V2:
* 'orm_mode' has been renamed to 'from_attributes'
  warnings.warn(message, UserWarning)
C:\Users\vinig\OneDrive\햞ea de Trabalho\vs\atv002\OPERACAO_BACKEND\op\Lib\site-packages\pydantic\_internal\_config.py:383: UserWarning: Valid config keys have changed in V2:
* 'orm_mode' has been renamed to 'from_attributes'
  warnings.warn(message, UserWarning)
C:\Users\vinig\OneDrive\햞ea de Trabalho\vs\atv002\OPERACAO_BACKEND\op\Lib\site-packages\pydantic\_internal\_config.py:383: UserWarning: Valid config keys have changed in V2:
* 'orm_mode' has been renamed to 'from_attributes'
  warnings.warn(message, UserWarning)
C:\Users\vinig\OneDrive\햞ea de Trabalho\vs\atv002\OPERACAO_BACKEND\op\Lib\site-packages\pydantic\_internal\_config.py:383: UserWarning: Valid config keys have changed in V2:
* 'orm_mode' has been renamed to 'from_attributes'
  warnings.warn(message, UserWarning)
C:\Users\vinig\OneDrive\햞ea de Trabalho\vs\atv002\OPERACAO_BACKEND\op\Lib\site-packages\pydantic\_internal\_config.py:383: UserWarning: Valid config keys have changed in V2:
* 'orm_mode' has been renamed to 'from_attributes'
  warnings.warn(message, UserWarning)
C:\Users\vinig\OneDrive\햞ea de Trabalho\vs\atv002\OPERACAO_BACKEND\op\Lib\site-packages\pydantic\_internal\_config.py:383: UserWarning: Valid config keys have changed in V2:
* 'orm_mode' has been renamed to 'from_attributes'
  warnings.warn(message, UserWarning)
C:\Users\vinig\OneDrive\햞ea de Trabalho\vs\atv002\OPERACAO_BACKEND\op\Lib\site-packages\pydantic\_internal\_config.py:383: UserWarning: Valid config keys have changed in V2:
* 'orm_mode' has been renamed to 'from_attributes'
  warnings.warn(message, UserWarning)
C:\Users\vinig\OneDrive\햞ea de Trabalho\vs\atv002\OPERACAO_BACKEND\op\Lib\site-packages\pydantic\_internal\_config.py:383: UserWarning: Valid config keys have changed in V2:
* 'orm_mode' has been renamed to 'from_attributes'
  warnings.warn(message, UserWarning)
C:\Users\vinig\OneDrive\햞ea de Trabalho\vs\atv002\OPERACAO_BACKEND\op\Lib\site-packages\pydantic\_internal\_config.py:383: UserWarning: Valid config keys have changed in V2:
* 'orm_mode' has been renamed to 'from_attributes'
  warnings.warn(message, UserWarning)
C:\Users\vinig\OneDrive\햞ea de Trabalho\vs\atv002\OPERACAO_BACKEND\op\Lib\site-packages\pydantic\_internal\_config.py:383: UserWarning: Valid config keys have changed in V2:
* 'orm_mode' has been renamed to 'from_attributes'
  warnings.warn(message, UserWarning)
C:\Users\vinig\OneDrive\햞ea de Trabalho\vs\atv002\OPERACAO_BACKEND\op\Lib\site-packages\pydantic\_internal\_config.py:383: UserWarning: Valid config keys have changed in V2:
* 'orm_mode' has been renamed to 'from_attributes'
  warnings.warn(message, UserWarning)
C:\Users\vinig\OneDrive\햞ea de Trabalho\vs\atv002\OPERACAO_BACKEND\op\Lib\site-packages\pydantic\_internal\_config.py:383: UserWarning: Valid config keys have changed in V2:
* 'orm_mode' has been renamed to 'from_attributes'
  warnings.warn(message, UserWarning)
C:\Users\vinig\OneDrive\햞ea de Trabalho\vs\atv002\OPERACAO_BACKEND\op\Lib\site-packages\pydantic\_internal\_config.py:383: UserWarning: Valid config keys have changed in V2:
* 'orm_mode' has been renamed to 'from_attributes'
  warnings.warn(message, UserWarning)
C:\Users\vinig\OneDrive\햞ea de Trabalho\vs\atv002\OPERACAO_BACKEND\op\Lib\site-packages\pydantic\_internal\_config.py:383: UserWarning: Valid config keys have changed in V2:
* 'orm_mode' has been renamed to 'from_attributes'
  warnings.warn(message, UserWarning)
C:\Users\vinig\OneDrive\햞ea de Trabalho\vs\atv002\OPERACAO_BACKEND\op\Lib\site-packages\pydantic\_internal\_config.py:383: UserWarning: Valid config keys have changed in V2:
* 'orm_mode' has been renamed to 'from_attributes'
  warnings.warn(message, UserWarning)
C:\Users\vinig\OneDrive\햞ea de Trabalho\vs\atv002\OPERACAO_BACKEND\op\Lib\site-packages\pydantic\_internal\_config.py:383: UserWarning: Valid config keys have changed in V2:
* 'orm_mode' has been renamed to 'from_attributes'
  warnings.warn(message, UserWarning)
C:\Users\vinig\OneDrive\햞ea de Trabalho\vs\atv002\OPERACAO_BACKEND\op\Lib\site-packages\pydantic\_internal\_config.py:383: UserWarning: Valid config keys have changed in V2:
* 'orm_mode' has been renamed to 'from_attributes'
  warnings.warn(message, UserWarning)
C:\Users\vinig\OneDrive\햞ea de Trabalho\vs\atv002\OPERACAO_BACKEND\op\Lib\site-packages\pydantic\_internal\_config.py:383: UserWarning: Valid config keys have changed in V2:
* 'orm_mode' has been renamed to 'from_attributes'
  warnings.warn(message, UserWarning)
C:\Users\vinig\OneDrive\햞ea de Trabalho\vs\atv002\OPERACAO_BACKEND\op\Lib\site-packages\pydantic\_internal\_config.py:383: UserWarning: Valid config keys have changed in V2:
* 'orm_mode' has been renamed to 'from_attributes'
  warnings.warn(message, UserWarning)
C:\Users\vinig\OneDrive\햞ea de Trabalho\vs\atv002\OPERACAO_BACKEND\op\Lib\site-packages\pydantic\_internal\_config.py:383: UserWarning: Valid config keys have changed in V2:
* 'orm_mode' has been renamed to 'from_attributes'
  warnings.warn(message, UserWarning)
C:\Users\vinig\OneDrive\햞ea de Trabalho\vs\atv002\OPERACAO_BACKEND\op\Lib\site-packages\pydantic\_internal\_config.py:383: UserWarning: Valid config keys have changed in V2:
* 'orm_mode' has been renamed to 'from_attributes'
  warnings.warn(message, UserWarning)
C:\Users\vinig\OneDrive\햞ea de Trabalho\vs\atv002\OPERACAO_BACKEND\op\Lib\site-packages\pydantic\_internal\_config.py:383: UserWarning: Valid config keys have changed in V2:
* 'orm_mode' has been renamed to 'from_attributes'
  warnings.warn(message, UserWarning)
C:\Users\vinig\OneDrive\햞ea de Trabalho\vs\atv002\OPERACAO_BACKEND\op\Lib\site-packages\pydantic\_internal\_config.py:383: UserWarning: Valid config keys have changed in V2:
* 'orm_mode' has been renamed to 'from_attributes'
  warnings.warn(message, UserWarning)
C:\Users\vinig\OneDrive\햞ea de Trabalho\vs\atv002\OPERACAO_BACKEND\op\Lib\site-packages\pydantic\_internal\_config.py:383: UserWarning: Valid config keys have changed in V2:
* 'orm_mode' has been renamed to 'from_attributes'
  warnings.warn(message, UserWarning)
C:\Users\vinig\OneDrive\햞ea de Trabalho\vs\atv002\OPERACAO_BACKEND\op\Lib\site-packages\pydantic\_internal\_config.py:383: UserWarning: Valid config keys have changed in V2:
* 'orm_mode' has been renamed to 'from_attributes'
  warnings.warn(message, UserWarning)
C:\Users\vinig\OneDrive\햞ea de Trabalho\vs\atv002\OPERACAO_BACKEND\op\Lib\site-packages\pydantic\_internal\_config.py:383: UserWarning: Valid config keys have changed in V2:
* 'orm_mode' has been renamed to 'from_attributes'
  warnings.warn(message, UserWarning)
C:\Users\vinig\OneDrive\햞ea de Trabalho\vs\atv002\OPERACAO_BACKEND\op\Lib\site-packages\pydantic\_internal\_config.py:383: UserWarning: Valid config keys have changed in V2:
* 'orm_mode' has been renamed to 'from_attributes'
  warnings.warn(message, UserWarning)
C:\Users\vinig\OneDrive\햞ea de Trabalho\vs\atv002\OPERACAO_BACKEND\op\Lib\site-packages\pydantic\_internal\_config.py:383: UserWarning: Valid config keys have changed in V2:
* 'orm_mode' has been renamed to 'from_attributes'
  warnings.warn(message, UserWarning)
C:\Users\vinig\OneDrive\햞ea de Trabalho\vs\atv002\OPERACAO_BACKEND\op\Lib\site-packages\pydantic\_internal\_config.py:383: UserWarning: Valid config keys have changed in V2:
* 'orm_mode' has been renamed to 'from_attributes'
  warnings.warn(message, UserWarning)
C:\Users\vinig\OneDrive\햞ea de Trabalho\vs\atv002\OPERACAO_BACKEND\op\Lib\site-packages\pydantic\_internal\_config.py:383: UserWarning: Valid config keys have changed in V2:
* 'orm_mode' has been renamed to 'from_attributes'
  warnings.warn(message, UserWarning)
C:\Users\vinig\OneDrive\햞ea de Trabalho\vs\atv002\OPERACAO_BACKEND\op\Lib\site-packages\pydantic\_internal\_config.py:383: UserWarning: Valid config keys have changed in V2:
* 'orm_mode' has been renamed to 'from_attributes'
  warnings.warn(message, UserWarning)
C:\Users\vinig\OneDrive\햞ea de Trabalho\vs\atv002\OPERACAO_BACKEND\op\Lib\site-packages\pydantic\_internal\_config.py:383: UserWarning: Valid config keys have changed in V2:
* 'orm_mode' has been renamed to 'from_attributes'
  warnings.warn(message, UserWarning)
C:\Users\vinig\OneDrive\햞ea de Trabalho\vs\atv002\OPERACAO_BACKEND\op\Lib\site-packages\pydantic\_internal\_config.py:383: UserWarning: Valid config keys have changed in V2:
* 'orm_mode' has been renamed to 'from_attributes'
  warnings.warn(message, UserWarning)
C:\Users\vinig\OneDrive\햞ea de Trabalho\vs\atv002\OPERACAO_BACKEND\op\Lib\site-packages\pydantic\_internal\_config.py:383: UserWarning: Valid config keys have changed in V2:
* 'orm_mode' has been renamed to 'from_attributes'
  warnings.warn(message, UserWarning)
C:\Users\vinig\OneDrive\햞ea de Trabalho\vs\atv002\OPERACAO_BACKEND\op\Lib\site-packages\pydantic\_internal\_config.py:383: UserWarning: Valid config keys have changed in V2:
* 'orm_mode' has been renamed to 'from_attributes'
  warnings.warn(message, UserWarning)
